<html>
<body>
<pre>
<h1>µVision Build Log</h1>
<h2>Tool Versions:</h2>
IDE-Version: ¦ÌVision V5.23.0.0
Copyright (C) 2017 ARM Ltd and ARM Germany GmbH. All rights reserved.
License Information: Xiaoping Zheng, none, LIC=----
 
Tool Versions:
Toolchain:       MDK-Lite  Version: 5.23
Toolchain Path:  D:\Dev\ARM-MDK\ARM\ARMCC\Bin
C Compiler:      Armcc.exe V5.06 update 4 (build 422)
Assembler:       Armasm.exe V5.06 update 4 (build 422)
Linker/Locator:  ArmLink.exe V5.06 update 4 (build 422)
Library Manager: ArmAr.exe V5.06 update 4 (build 422)
Hex Converter:   FromElf.exe V5.06 update 4 (build 422)
CPU DLL:         SARMCM3.DLL V5.23
Dialog DLL:      DCM.DLL V1.15.0.0
Target DLL:      Segger\JL2CM3.dll V2.99.23.0
Dialog DLL:      TCM.DLL V1.27.0.0
 
<h2>Project:</h2>
F:\ARM\Projects\04´®¿ÚÍ¨ÐÅ\USART_Communication.uvprojx
Project File Date:  07/07/2017

<h2>Output:</h2>
*** Using Compiler 'V5.06 update 4 (build 422)', folder: 'D:\Dev\ARM-MDK\ARM\ARMCC\Bin'
Build target 'Target 1'
compiling delay.c...
compiling main.c...
User\main.c(25): warning:  #128-D: loop is not reachable
  	while(1){
User\main.c(17): warning:  #177-D: variable "i"  was declared but never referenced
  	uint8_t i = 0;
User\main.c: 2 warnings, 0 errors
linking...
Program Size: Code=1540 RO-data=336 RW-data=24 ZI-data=1024  
FromELF: creating hex file...
".\Objects\USART_Communication.axf" - 0 Error(s), 2 Warning(s).

<h2>Collection of Component include folders:</h2>
  .\RTE\_Target_1
  D:\Dev\ARM-MDK\ARM\PACK\Keil\STM32F1xx_DFP\2.2.0\Device\Include

<h2>Collection of Component Files used:</h2>
Build Time Elapsed:  00:00:02
</pre>
</body>
</html>
